// Jest Snapshot v1, https://goo.gl/fbAQLP

exports[`renders correctly 1`] = `
<div
  className="app"
>
  <div
    className="dashboard-header"
  >
    <p>
      GraphQL React Prototype
    </p>
    <p>
      /
    </p>
    <p>
      GitHub
    </p>
    <p>
      /
    </p>
    <p>
      AJarombek
    </p>
  </div>
  <div
    className="dashboard-items"
  >
    <div
      className="items user-info"
    >
      <figure>
        <img
          alt=""
        />
      </figure>
      <h3 />
      <p />
      <a
        href="https:\\\\\\\\undefined"
      >
        Personal Website
      </a>
    </div>
    <div
      className="items repository-count"
    >
      <h3>
        Number of Repositories
      </h3>
      <h2>
        0
      </h2>
    </div>
    <div
      className="items top-language"
    >
      <p>
        Most Popular Programming Language
      </p>
      <h2>
        
      </h2>
      <p>
        Top language in
         
        <b>
          0
        </b>
         
        repositories.
      </p>
    </div>
    <div
      className="items most-popular-languages"
    >
      <h2>
        Most Popular Languages All-Time
      </h2>
    </div>
    <div
      className="items total-commits"
    >
      <h2>
        Most Total Commits
      </h2>
    </div>
    <div
      className="items trending-languages"
    >
      <h2>
        Trending Languages
      </h2>
    </div>
    <div
      className="items most-recent-commit"
    >
      <h2>
        Most Recently Committed
      </h2>
    </div>
    <div
      className="items most-productive-weeks"
    >
      <h2>
        Most Productive Weeks
      </h2>
    </div>
  </div>
</div>
`;
